1, 0.000000000, 0
979, 0.000000000, 5088
1000, 0.000000000, 9408
963, 0.000000000, 13200
999, 0.000000000, 16224
998, 0.000000000, 19152
987, 0.000000000, 22464
975, 0.000000000, 24768
997, 0.000000000, 26784
995, 0.000000000, 29184
939, 0.000000000, 30672
988, 0.000000000, 32400
992, 0.000000000, 34176
954, 0.000001000, 35184
991, 0.000000000, 36480
985, 0.000000000, 37632
965, 0.000000000, 38688
932, 0.000000000, 39456
945, 0.000000000, 40080
872, 0.000000000, 41040
887, 0.000000000, 41568
934, 0.000000000, 41904
983, 0.000000000, 42336
846, 0.000000000, 42864
989, 0.000000000, 43296
629, 0.000000000, 43536
867, 0.000000000, 43824
614, 0.000000000, 43968
929, 0.000000000, 44208
980, 0.000000000, 44400
753, 0.000001000, 44352
976, 0.000000000, 44496
295, 0.000000000, 44640
483, 0.000000000, 44640
814, 0.000000000, 44736
882, 0.000000000, 44976
829, 0.000000000, 45024
583, 0.000000000, 45024
577, 0.000000000, 45120
426, 0.000000000, 45168
380, 0.000000000, 45168
113, 0.000000000, 45168
207, 0.000000000, 45168
922, 0.000000000, 45264
35, 0.000000000, 45264
435, 0.000000000, 45264
543, 0.000003000, 45216
235, 0.000000000, 45216
243, 0.000005000, 45168
314, 0.000000000, 45216
905, 0.000000000, 45264
745, 0.000001000, 45216
456, 0.000000000, 45216
949, 0.000000000, 45216
326, 0.000000000, 45216
46, 0.000005000, 45168
41, 0.000014000, 45120
461, 0.000017000, 45072
454, 0.000018000, 45024
236, 0.000020000, 44976
681, 0.000022000, 44928
223, 0.000023000, 44880
140, 0.000024000, 44832
11, 0.000025000, 44784
8, 0.000026000, 44736
86, 0.000001000, 44736
399, 0.000028000, 44688
260, 0.000029000, 44640
212, 0.000031000, 44592
71, 0.000032000, 44544
382, 0.000000000, 44544
37, 0.000034000, 44496
96, 0.000000000, 44496
744, 0.000037000, 44448
161, 0.000038000, 44400
5, 0.000039000, 44352
652, 0.000042000, 44304
269, 0.000043000, 44256
168, 0.000045000, 44208
868, 0.000046000, 44160
550, 0.000047000, 44112
428, 0.000048000, 44064
220, 0.000049000, 44016
52, 0.000050000, 43968
415, 0.000052000, 43920
362, 0.000053000, 43872
147, 0.000053000, 43824
742, 0.000055000, 43776
600, 0.000056000, 43728
513, 0.000057000, 43680
485, 0.000058000, 43632
149, 0.000059000, 43584
74, 0.000060000, 43536
467, 0.000062000, 43488
452, 0.000063000, 43440
338, 0.000064000, 43392
302, 0.000065000, 43344
170, 0.000066000, 43296
647, 0.000068000, 43248
616, 0.000069000, 43200
589, 0.000070000, 43152
421, 0.000071000, 43104
387, 0.000071000, 43056
204, 0.000072000, 43008
202, 0.000073000, 42960
198, 0.000075000, 42912
63, 0.000076000, 42864
801, 0.000078000, 42816
767, 0.000079000, 42768
755, 0.000079000, 42720
750, 0.000080000, 42672
707, 0.000081000, 42624
655, 0.000082000, 42576
341, 0.000083000, 42528
267, 0.000084000, 42480
124, 0.000085000, 42432
42, 0.000086000, 42384
24, 0.000086000, 42336
956, 0.000088000, 42288
874, 0.000089000, 42240
827, 0.000090000, 42192
821, 0.000091000, 42144
656, 0.000092000, 42096
633, 0.000092000, 42048
347, 0.000093000, 42000
215, 0.000095000, 41952
25, 0.000096000, 41904
913, 0.000097000, 41856
852, 0.000098000, 41808
844, 0.000098000, 41760
572, 0.000099000, 41712
237, 0.000101000, 41664
230, 0.000102000, 41616
61, 0.000103000, 41568
848, 0.000104000, 41520
630, 0.000105000, 41472
580, 0.000106000, 41424
398, 0.000106000, 41376
395, 0.000107000, 41328
263, 0.000109000, 41280
255, 0.000110000, 41232
247, 0.000111000, 41184
222, 0.000112000, 41136
173, 0.000112000, 41088
76, 0.000113000, 41040
780, 0.000115000, 40992
756, 0.000116000, 40944
723, 0.000116000, 40896
703, 0.000117000, 40848
690, 0.000118000, 40800
551, 0.000119000, 40752
538, 0.000119000, 40704
457, 0.000120000, 40656
401, 0.000122000, 40608
386, 0.000123000, 40560
361, 0.000124000, 40512
304, 0.000125000, 40464
294, 0.000126000, 40416
283, 0.000127000, 40368
277, 0.000128000, 40320
249, 0.000128000, 40272
133, 0.000129000, 40224
125, 0.000130000, 40176
112, 0.000131000, 40128
32, 0.000132000, 40080
921, 0.000134000, 40032
789, 0.000134000, 39984
731, 0.000135000, 39936
684, 0.000136000, 39888
534, 0.000137000, 39840
509, 0.000138000, 39792
490, 0.000139000, 39744
318, 0.000158000, 39696
301, 0.000159000, 39648
273, 0.000160000, 39600
264, 0.000161000, 39552
186, 0.000162000, 39504
33, 0.000163000, 39456
847, 0.000165000, 39408
516, 0.000166000, 39360
504, 0.000167000, 39312
455, 0.000168000, 39264
442, 0.000169000, 39216
431, 0.000170000, 39168
365, 0.000170000, 39120
350, 0.000171000, 39072
344, 0.000172000, 39024
296, 0.000173000, 38976
195, 0.000174000, 38928
117, 0.000175000, 38880
105, 0.000177000, 38832
22, 0.000178000, 38784
14, 0.000179000, 38736
10, 0.000180000, 38688
953, 0.000182000, 38640
908, 0.000183000, 38592
869, 0.000184000, 38544
816, 0.000185000, 38496
803, 0.000185000, 38448
784, 0.000186000, 38400
727, 0.000187000, 38352
697, 0.000188000, 38304
661, 0.000189000, 38256
579, 0.000190000, 38208
501, 0.000191000, 38160
430, 0.000192000, 38112
422, 0.000193000, 38064
388, 0.000193000, 38016
384, 0.000194000, 37968
383, 0.000195000, 37920
379, 0.000196000, 37872
340, 0.000197000, 37824
332, 0.000198000, 37776
180, 0.000199000, 37728
155, 0.000200000, 37680
102, 0.000201000, 37632
950, 0.000202000, 37584
944, 0.000203000, 37536
792, 0.000204000, 37488
713, 0.000205000, 37440
694, 0.000205000, 37392
674, 0.000206000, 37344
638, 0.000207000, 37296
585, 0.000208000, 37248
542, 0.000208000, 37200
462, 0.000209000, 37152
449, 0.000210000, 37104
437, 0.000211000, 37056
417, 0.000212000, 37008
323, 0.000213000, 36960
322, 0.000214000, 36912
252, 0.000215000, 36864
219, 0.000216000, 36816
218, 0.000217000, 36768
192, 0.000218000, 36720
109, 0.000219000, 36672
91, 0.000220000, 36624
80, 0.000221000, 36576
60, 0.000222000, 36528
13, 0.000223000, 36480
912, 0.000224000, 36432
903, 0.000225000, 36384
833, 0.000226000, 36336
811, 0.000227000, 36288
777, 0.000227000, 36240
749, 0.000228000, 36192
739, 0.000229000, 36144
698, 0.000230000, 36096
657, 0.000230000, 36048
648, 0.000231000, 36000
529, 0.000232000, 35952
522, 0.000233000, 35904
505, 0.000234000, 35856
460, 0.000234000, 35808
418, 0.000235000, 35760
409, 0.000236000, 35712
374, 0.000237000, 35664
364, 0.000237000, 35616
336, 0.000238000, 35568
334, 0.000239000, 35520
276, 0.000240000, 35472
213, 0.000241000, 35424
154, 0.000242000, 35376
120, 0.000243000, 35328
69, 0.000244000, 35280
51, 0.000245000, 35232
2, 0.000246000, 35184
933, 0.000249000, 35136
875, 0.000249000, 35088
870, 0.000250000, 35040
860, 0.000251000, 34992
850, 0.000252000, 34944
807, 0.000253000, 34896
787, 0.000253000, 34848
754, 0.000254000, 34800
738, 0.000255000, 34752
683, 0.000256000, 34704
620, 0.000256000, 34656
613, 0.000257000, 34608
592, 0.000279000, 34560
537, 0.000281000, 34512
420, 0.000282000, 34464
405, 0.000283000, 34416
342, 0.000284000, 34368
183, 0.000284000, 34320
145, 0.000285000, 34272
65, 0.000286000, 34224
18, 0.000287000, 34176
947, 0.000289000, 34128
924, 0.000291000, 34080
902, 0.000292000, 34032
837, 0.000293000, 33984
797, 0.000294000, 33936
788, 0.000295000, 33888
776, 0.000295000, 33840
752, 0.000296000, 33792
720, 0.000297000, 33744
717, 0.000298000, 33696
702, 0.000298000, 33648
688, 0.000299000, 33600
644, 0.000300000, 33552
632, 0.000301000, 33504
631, 0.000302000, 33456
626, 0.000303000, 33408
610, 0.000303000, 33360
597, 0.000304000, 33312
576, 0.000305000, 33264
547, 0.000306000, 33216
540, 0.000307000, 33168
539, 0.000308000, 33120
521, 0.000309000, 33072
482, 0.000310000, 33024
339, 0.000311000, 32976
297, 0.000312000, 32928
285, 0.000312000, 32880
245, 0.000314000, 32832
156, 0.000315000, 32784
153, 0.000316000, 32736
144, 0.000317000, 32688
142, 0.000318000, 32640
131, 0.000319000, 32592
129, 0.000320000, 32544
103, 0.000321000, 32496
89, 0.000322000, 32448
85, 0.000323000, 32400
974, 0.000325000, 32352
885, 0.000326000, 32304
859, 0.000327000, 32256
853, 0.000328000, 32208
845, 0.000329000, 32160
840, 0.000330000, 32112
799, 0.000330000, 32064
725, 0.000331000, 32016
675, 0.000332000, 31968
670, 0.000333000, 31920
643, 0.000334000, 31872
639, 0.000335000, 31824
606, 0.000336000, 31776
605, 0.000337000, 31728
570, 0.000338000, 31680
569, 0.000339000, 31632
565, 0.000340000, 31584
536, 0.000341000, 31536
508, 0.000342000, 31488
507, 0.000352000, 31440
479, 0.000352000, 31392
476, 0.000354000, 31344
450, 0.000355000, 31296
433, 0.000356000, 31248
392, 0.000357000, 31200
345, 0.000358000, 31152
329, 0.000359000, 31104
292, 0.000360000, 31056
288, 0.000361000, 31008
272, 0.000362000, 30960
205, 0.000363000, 30912
196, 0.000364000, 30864
174, 0.000364000, 30816
119, 0.000365000, 30768
54, 0.000366000, 30720
28, 0.000367000, 30672
937, 0.000368000, 30624
910, 0.000369000, 30576
889, 0.000370000, 30528
835, 0.000371000, 30480
819, 0.000371000, 30432
795, 0.000372000, 30384
793, 0.000373000, 30336
786, 0.000374000, 30288
760, 0.000374000, 30240
715, 0.000375000, 30192
591, 0.000376000, 30144
574, 0.000378000, 30096
545, 0.000379000, 30048
544, 0.000380000, 30000
532, 0.000380000, 29952
531, 0.000381000, 29904
413, 0.000382000, 29856
366, 0.000383000, 29808
357, 0.000384000, 29760
351, 0.000385000, 29712
317, 0.000386000, 29664
307, 0.000387000, 29616
268, 0.000388000, 29568
248, 0.000388000, 29520
148, 0.000389000, 29472
135, 0.000390000, 29424
88, 0.000391000, 29376
70, 0.000392000, 29328
56, 0.000393000, 29280
50, 0.000394000, 29232
30, 0.000395000, 29184
994, 0.000397000, 29136
981, 0.000398000, 29088
978, 0.000399000, 29040
967, 0.000399000, 28992
961, 0.000400000, 28944
957, 0.000401000, 28896
855, 0.000402000, 28848
839, 0.000433000, 28800
838, 0.000435000, 28752
822, 0.000436000, 28704
791, 0.000437000, 28656
783, 0.000438000, 28608
712, 0.000439000, 28560
706, 0.000440000, 28512
660, 0.000441000, 28464
653, 0.000442000, 28416
650, 0.000443000, 28368
622, 0.000443000, 28320
599, 0.000444000, 28272
598, 0.000445000, 28224
524, 0.000446000, 28176
497, 0.000447000, 28128
486, 0.000448000, 28080
484, 0.000449000, 28032
447, 0.000450000, 27984
438, 0.000451000, 27936
393, 0.000452000, 27888
367, 0.000453000, 27840
333, 0.000454000, 27792
313, 0.000454000, 27744
303, 0.000455000, 27696
286, 0.000456000, 27648
278, 0.000457000, 27600
275, 0.000458000, 27552
270, 0.000459000, 27504
242, 0.000460000, 27456
217, 0.000462000, 27408
184, 0.000463000, 27360
172, 0.000464000, 27312
165, 0.000465000, 27264
160, 0.000466000, 27216
128, 0.000466000, 27168
98, 0.000467000, 27120
93, 0.000468000, 27072
64, 0.000469000, 27024
53, 0.000470000, 26976
31, 0.000471000, 26928
27, 0.000472000, 26880
21, 0.000473000, 26832
16, 0.000474000, 26784
996, 0.000476000, 26736
993, 0.000477000, 26688
969, 0.000478000, 26640
935, 0.000479000, 26592
897, 0.000479000, 26544
881, 0.000480000, 26496
877, 0.000481000, 26448
862, 0.000482000, 26400
817, 0.000483000, 26352
810, 0.000484000, 26304
771, 0.000485000, 26256
748, 0.000486000, 26208
711, 0.000488000, 26160
679, 0.000488000, 26112
678, 0.000489000, 26064
668, 0.000490000, 26016
645, 0.000491000, 25968
602, 0.000492000, 25920
571, 0.000493000, 25872
557, 0.000494000, 25824
555, 0.000495000, 25776
554, 0.000496000, 25728
548, 0.000497000, 25680
510, 0.000497000, 25632
488, 0.000498000, 25584
436, 0.000499000, 25536
432, 0.000500000, 25488
404, 0.000501000, 25440
363, 0.000502000, 25392
358, 0.000503000, 25344
325, 0.000504000, 25296
233, 0.000504000, 25248
193, 0.000505000, 25200
177, 0.000506000, 25152
166, 0.000507000, 25104
123, 0.000508000, 25056
118, 0.000509000, 25008
115, 0.000510000, 24960
100, 0.000511000, 24912
73, 0.000512000, 24864
45, 0.000513000, 24816
44, 0.000514000, 24768
959, 0.000516000, 24720
942, 0.000517000, 24672
919, 0.000518000, 24624
901, 0.000571000, 24576
843, 0.000573000, 24528
812, 0.000573000, 24480
808, 0.000574000, 24432
806, 0.000575000, 24384
794, 0.000576000, 24336
772, 0.000578000, 24288
740, 0.000579000, 24240
734, 0.000580000, 24192
722, 0.000581000, 24144
705, 0.000581000, 24096
704, 0.000582000, 24048
677, 0.000583000, 24000
649, 0.000584000, 23952
593, 0.000585000, 23904
573, 0.000586000, 23856
563, 0.000587000, 23808
561, 0.000588000, 23760
533, 0.000589000, 23712
527, 0.000590000, 23664
526, 0.000591000, 23616
523, 0.000592000, 23568
492, 0.000593000, 23520
491, 0.000594000, 23472
478, 0.000595000, 23424
439, 0.000596000, 23376
434, 0.000597000, 23328
414, 0.000597000, 23280
412, 0.000605000, 23232
400, 0.000606000, 23184
376, 0.000607000, 23136
372, 0.000607000, 23088
328, 0.000608000, 23040
324, 0.000609000, 22992
320, 0.000610000, 22944
312, 0.000611000, 22896
284, 0.000612000, 22848
279, 0.000613000, 22800
203, 0.000614000, 22752
190, 0.000615000, 22704
150, 0.000616000, 22656
99, 0.000617000, 22608
97, 0.000618000, 22560
75, 0.000619000, 22512
15, 0.000619000, 22464
972, 0.000622000, 22416
970, 0.000623000, 22368
968, 0.000625000, 22320
966, 0.000625000, 22272
946, 0.000649000, 22224
930, 0.000650000, 22176
926, 0.000651000, 22128
918, 0.000652000, 22080
891, 0.000653000, 22032
886, 0.000653000, 21984
873, 0.000654000, 21936
841, 0.000655000, 21888
830, 0.000656000, 21840
828, 0.000657000, 21792
813, 0.000658000, 21744
779, 0.000659000, 21696
769, 0.000660000, 21648
765, 0.000660000, 21600
737, 0.000661000, 21552
714, 0.000662000, 21504
709, 0.000663000, 21456
693, 0.000664000, 21408
680, 0.000665000, 21360
666, 0.000666000, 21312
637, 0.000667000, 21264
634, 0.000668000, 21216
627, 0.000668000, 21168
611, 0.000669000, 21120
594, 0.000670000, 21072
588, 0.000671000, 21024
586, 0.000672000, 20976
584, 0.000673000, 20928
581, 0.000674000, 20880
566, 0.000675000, 20832
564, 0.000675000, 20784
556, 0.000677000, 20736
546, 0.000678000, 20688
528, 0.000679000, 20640
518, 0.000680000, 20592
517, 0.000681000, 20544
466, 0.000682000, 20496
440, 0.000683000, 20448
424, 0.000683000, 20400
411, 0.000684000, 20352
407, 0.000685000, 20304
385, 0.000686000, 20256
369, 0.000687000, 20208
359, 0.000688000, 20160
353, 0.000689000, 20112
337, 0.000690000, 20064
309, 0.000690000, 20016
300, 0.000691000, 19968
291, 0.000692000, 19920
271, 0.000714000, 19872
261, 0.000715000, 19824
241, 0.000716000, 19776
227, 0.000717000, 19728
221, 0.000718000, 19680
189, 0.000719000, 19632
181, 0.000720000, 19584
143, 0.000721000, 19536
136, 0.000721000, 19488
111, 0.000722000, 19440
94, 0.000723000, 19392
83, 0.000724000, 19344
57, 0.000725000, 19296
49, 0.000727000, 19248
17, 0.000728000, 19200
3, 0.000729000, 19152
982, 0.000731000, 19104
955, 0.000732000, 19056
951, 0.000733000, 19008
927, 0.000733000, 18960
914, 0.000734000, 18912
896, 0.000735000, 18864
857, 0.000736000, 18816
856, 0.000737000, 18768
842, 0.000738000, 18720
824, 0.000739000, 18672
815, 0.000739000, 18624
782, 0.000740000, 18576
773, 0.000741000, 18528
759, 0.000742000, 18480
730, 0.000743000, 18432
726, 0.000744000, 18384
716, 0.000745000, 18336
689, 0.000746000, 18288
686, 0.000746000, 18240
672, 0.000747000, 18192
664, 0.000748000, 18144
662, 0.000749000, 18096
642, 0.000750000, 18048
619, 0.000751000, 18000
617, 0.000752000, 17952
578, 0.000752000, 17904
558, 0.000753000, 17856
552, 0.000754000, 17808
498, 0.000756000, 17760
496, 0.000757000, 17712
489, 0.000758000, 17664
471, 0.000759000, 17616
469, 0.000759000, 17568
445, 0.000802000, 17520
443, 0.000803000, 17472
441, 0.000804000, 17424
408, 0.000805000, 17376
396, 0.000806000, 17328
389, 0.000807000, 17280
377, 0.000807000, 17232
356, 0.000808000, 17184
355, 0.000809000, 17136
349, 0.000810000, 17088
343, 0.000811000, 17040
319, 0.000812000, 16992
287, 0.000813000, 16944
266, 0.000814000, 16896
253, 0.000814000, 16848
246, 0.000815000, 16800
234, 0.000816000, 16752
229, 0.000817000, 16704
209, 0.000818000, 16656
152, 0.000819000, 16608
126, 0.000820000, 16560
90, 0.000821000, 16512
84, 0.000822000, 16464
55, 0.000823000, 16416
39, 0.000824000, 16368
26, 0.000825000, 16320
12, 0.000826000, 16272
6, 0.000827000, 16224
973, 0.000829000, 16176
952, 0.000830000, 16128
948, 0.000831000, 16080
925, 0.000831000, 16032
907, 0.000832000, 15984
895, 0.000833000, 15936
892, 0.000834000, 15888
884, 0.000834000, 15840
866, 0.000835000, 15792
849, 0.000836000, 15744
836, 0.000837000, 15696
831, 0.000837000, 15648
826, 0.000838000, 15600
820, 0.000839000, 15552
805, 0.000840000, 15504
804, 0.000841000, 15456
778, 0.000841000, 15408
747, 0.000842000, 15360
728, 0.000843000, 15312
692, 0.000844000, 15264
691, 0.000844000, 15216
676, 0.000876000, 15168
671, 0.000877000, 15120
641, 0.000878000, 15072
636, 0.000879000, 15024
621, 0.000886000, 14976
612, 0.000887000, 14928
603, 0.000888000, 14880
560, 0.000888000, 14832
503, 0.000889000, 14784
494, 0.000890000, 14736
493, 0.000891000, 14688
477, 0.000893000, 14640
473, 0.000894000, 14592
472, 0.000895000, 14544
468, 0.000896000, 14496
463, 0.000896000, 14448
453, 0.000897000, 14400
391, 0.000898000, 14352
390, 0.000899000, 14304
368, 0.000900000, 14256
360, 0.000901000, 14208
330, 0.000902000, 14160
308, 0.000903000, 14112
306, 0.000904000, 14064
216, 0.000905000, 14016
191, 0.000906000, 13968
185, 0.000906000, 13920
182, 0.000907000, 13872
175, 0.000908000, 13824
167, 0.000909000, 13776
159, 0.000910000, 13728
132, 0.000911000, 13680
130, 0.000912000, 13632
127, 0.000913000, 13584
122, 0.000914000, 13536
95, 0.000915000, 13488
92, 0.000916000, 13440
82, 0.000917000, 13392
68, 0.000917000, 13344
66, 0.000918000, 13296
40, 0.000919000, 13248
20, 0.000920000, 13200
958, 0.000923000, 13152
938, 0.000924000, 13104
920, 0.000925000, 13056
916, 0.000926000, 13008
915, 0.000927000, 12960
909, 0.000928000, 12912
906, 0.000928000, 12864
893, 0.001003000, 12816
890, 0.001004000, 12768
888, 0.001005000, 12720
883, 0.001006000, 12672
880, 0.001007000, 12624
863, 0.001008000, 12576
823, 0.001009000, 12528
809, 0.001010000, 12480
785, 0.001011000, 12432
770, 0.001011000, 12384
764, 0.001012000, 12336
757, 0.001013000, 12288
732, 0.001014000, 12240
729, 0.001015000, 12192
708, 0.001016000, 12144
700, 0.001017000, 12096
699, 0.001018000, 12048
696, 0.001018000, 12000
682, 0.001019000, 11952
669, 0.001020000, 11904
663, 0.001021000, 11856
625, 0.001022000, 11808
618, 0.001023000, 11760
615, 0.001024000, 11712
601, 0.001025000, 11664
596, 0.001025000, 11616
595, 0.001027000, 11568
568, 0.001028000, 11520
559, 0.001029000, 11472
535, 0.001030000, 11424
520, 0.001031000, 11376
519, 0.001032000, 11328
515, 0.001032000, 11280
511, 0.001033000, 11232
500, 0.001034000, 11184
495, 0.001035000, 11136
487, 0.001036000, 11088
480, 0.001037000, 11040
470, 0.001038000, 10992
465, 0.001038000, 10944
464, 0.001039000, 10896
448, 0.001040000, 10848
381, 0.001041000, 10800
378, 0.001042000, 10752
348, 0.001043000, 10704
346, 0.001044000, 10656
321, 0.001045000, 10608
315, 0.001046000, 10560
290, 0.001047000, 10512
289, 0.001093000, 10464
282, 0.001094000, 10416
259, 0.001095000, 10368
251, 0.001096000, 10320
244, 0.001097000, 10272
231, 0.001098000, 10224
228, 0.001099000, 10176
225, 0.001100000, 10128
208, 0.001101000, 10080
194, 0.001102000, 10032
162, 0.001102000, 9984
158, 0.001103000, 9936
151, 0.001104000, 9888
146, 0.001105000, 9840
141, 0.001107000, 9792
139, 0.001108000, 9744
121, 0.001109000, 9696
107, 0.001110000, 9648
81, 0.001111000, 9600
79, 0.001112000, 9552
67, 0.001113000, 9504
59, 0.001114000, 9456
23, 0.001115000, 9408
990, 0.001116000, 9360
986, 0.001117000, 9312
984, 0.001118000, 9264
977, 0.001119000, 9216
962, 0.001120000, 9168
960, 0.001121000, 9120
940, 0.001122000, 9072
931, 0.001123000, 9024
904, 0.001123000, 8976
900, 0.001124000, 8928
898, 0.001125000, 8880
878, 0.001126000, 8832
876, 0.001127000, 8784
871, 0.001128000, 8736
864, 0.001129000, 8688
861, 0.001130000, 8640
858, 0.001130000, 8592
854, 0.001131000, 8544
834, 0.001132000, 8496
800, 0.001133000, 8448
796, 0.001134000, 8400
781, 0.001135000, 8352
775, 0.001136000, 8304
768, 0.001137000, 8256
762, 0.001138000, 8208
758, 0.001138000, 8160
751, 0.001181000, 8112
735, 0.001182000, 8064
724, 0.001183000, 8016
695, 0.001184000, 7968
665, 0.001187000, 7920
658, 0.001188000, 7872
646, 0.001189000, 7824
640, 0.001190000, 7776
635, 0.001191000, 7728
624, 0.001191000, 7680
623, 0.001192000, 7632
604, 0.001193000, 7584
590, 0.001194000, 7536
587, 0.001195000, 7488
582, 0.001196000, 7440
575, 0.001197000, 7392
549, 0.001198000, 7344
512, 0.001199000, 7296
506, 0.001199000, 7248
481, 0.001200000, 7200
459, 0.001201000, 7152
458, 0.001203000, 7104
451, 0.001204000, 7056
427, 0.001205000, 7008
419, 0.001206000, 6960
397, 0.001207000, 6912
394, 0.001208000, 6864
370, 0.001208000, 6816
352, 0.001209000, 6768
331, 0.001210000, 6720
311, 0.001211000, 6672
305, 0.001219000, 6624
299, 0.001220000, 6576
298, 0.001221000, 6528
280, 0.001222000, 6480
274, 0.001223000, 6432
258, 0.001224000, 6384
256, 0.001225000, 6336
254, 0.001225000, 6288
240, 0.001226000, 6240
239, 0.001227000, 6192
232, 0.001228000, 6144
226, 0.001229000, 6096
224, 0.001230000, 6048
211, 0.001231000, 6000
210, 0.001232000, 5952
206, 0.001233000, 5904
197, 0.001234000, 5856
176, 0.001235000, 5808
171, 0.001275000, 5760
169, 0.001277000, 5712
157, 0.001278000, 5664
138, 0.001278000, 5616
114, 0.001279000, 5568
104, 0.001280000, 5520
101, 0.001281000, 5472
78, 0.001282000, 5424
77, 0.001283000, 5376
58, 0.001284000, 5328
48, 0.001285000, 5280
43, 0.001286000, 5232
38, 0.001287000, 5184
34, 0.001288000, 5136
9, 0.001289000, 5088
971, 0.001291000, 5040
964, 0.001292000, 4992
943, 0.001293000, 4944
941, 0.001294000, 4896
936, 0.001295000, 4848
928, 0.001296000, 4800
923, 0.001297000, 4752
917, 0.001298000, 4704
911, 0.001299000, 4656
899, 0.001300000, 4608
894, 0.001300000, 4560
879, 0.001301000, 4512
865, 0.001302000, 4464
851, 0.001303000, 4416
832, 0.001304000, 4368
825, 0.001305000, 4320
818, 0.001306000, 4272
802, 0.001307000, 4224
798, 0.001308000, 4176
790, 0.001309000, 4128
774, 0.001309000, 4080
766, 0.001310000, 4032
763, 0.001311000, 3984
761, 0.001312000, 3936
746, 0.001313000, 3888
743, 0.001314000, 3840
741, 0.001315000, 3792
736, 0.001316000, 3744
733, 0.001316000, 3696
721, 0.001317000, 3648
719, 0.001318000, 3600
718, 0.001319000, 3552
710, 0.001320000, 3504
701, 0.001321000, 3456
687, 0.001454000, 3408
685, 0.001455000, 3360
673, 0.001456000, 3312
667, 0.001457000, 3264
659, 0.001458000, 3216
654, 0.001459000, 3168
651, 0.001460000, 3120
628, 0.001461000, 3072
609, 0.001462000, 3024
608, 0.001462000, 2976
607, 0.001463000, 2928
567, 0.001464000, 2880
562, 0.001466000, 2832
553, 0.001467000, 2784
541, 0.001468000, 2736
530, 0.001469000, 2688
525, 0.001470000, 2640
514, 0.001471000, 2592
502, 0.001472000, 2544
499, 0.001472000, 2496
475, 0.001473000, 2448
474, 0.001474000, 2400
446, 0.001475000, 2352
444, 0.001476000, 2304
429, 0.001477000, 2256
425, 0.001478000, 2208
423, 0.001479000, 2160
416, 0.001479000, 2112
410, 0.001480000, 2064
406, 0.001481000, 2016
403, 0.001482000, 1968
402, 0.001483000, 1920
375, 0.001484000, 1872
373, 0.001485000, 1824
371, 0.001486000, 1776
354, 0.001487000, 1728
335, 0.001487000, 1680
327, 0.001488000, 1632
316, 0.001489000, 1584
310, 0.001490000, 1536
293, 0.001491000, 1488
281, 0.001492000, 1440
265, 0.001493000, 1392
262, 0.001494000, 1344
257, 0.001495000, 1296
250, 0.001496000, 1248
238, 0.001496000, 1200
214, 0.001497000, 1152
201, 0.001498000, 1104
200, 0.001542000, 1056
199, 0.001543000, 1008
188, 0.001544000, 960
187, 0.001545000, 912
179, 0.001547000, 864
178, 0.001548000, 816
164, 0.001549000, 768
163, 0.001550000, 720
137, 0.001551000, 672
134, 0.001551000, 624
116, 0.001552000, 576
110, 0.001553000, 528
108, 0.001554000, 480
106, 0.001555000, 432
87, 0.001556000, 384
72, 0.001557000, 336
62, 0.001558000, 288
47, 0.001559000, 240
36, 0.001560000, 192
29, 0.001561000, 144
19, 0.001561000, 96
7, 0.001562000, 48
4, 0.001563000, 0
